 Image occlude-3d-dev:latest Building 
#1 [internal] load local bake definitions
#1 reading from stdin 632B done
#1 DONE 0.0s

#2 [internal] load build definition from Dockerfile
#2 transferring dockerfile:
#2 transferring dockerfile: 5.77kB done
#2 DONE 0.1s

#3 resolve image config for docker-image://docker.io/docker/dockerfile:1.7
#3 DONE 0.2s

#4 docker-image://docker.io/docker/dockerfile:1.7@sha256:a57df69d0ea827fb7266491f2813635de6f17269be881f696fbfdf2d83dda33e
#4 resolve docker.io/docker/dockerfile:1.7@sha256:a57df69d0ea827fb7266491f2813635de6f17269be881f696fbfdf2d83dda33e 0.0s done
#4 CACHED

#5 [internal] load metadata for docker.io/library/node:24.21.0-bookworm-slim@sha256:2fe369e969550cde8e867afc3fe370b260140cab4a23d467074295b42163d553
#5 DONE 0.0s

#6 [internal] load .dockerignore
#6 transferring context:
#6 transferring context: 986B done
#6 DONE 0.1s

#7 [toolchain 1/5] FROM docker.io/library/node:24.21.0-bookworm-slim@sha256:2fe369e969550cde8e867afc3fe370b260140cab4a23d467074295b42163d553
#7 resolve docker.io/library/node:24.21.0-bookworm-slim@sha256:2fe369e969550cde8e867afc3fe370b260140cab4a23d467074295b42163d553 0.0s done
#7 DONE 0.0s

#8 [internal] load build context
#8 transferring context: 140.89MB 1.1s done
#8 DONE 1.1s

#9 [verified  8/10] RUN --mount=type=cache,target=/usr/local/pnpm-store,sharing=locked     pnpm config set store-dir /usr/local/pnpm-store  && pnpm install --frozen-lockfile
#9 CACHED

#10 [toolchain 4/5] RUN curl -sSf https://sh.rustup.rs | sh -s -- -y --no-modify-path --profile minimal       --default-toolchain 1.98.0 --target wasm32-unknown-unknown  && rustc --version && cargo --version
#10 CACHED

#11 [toolchain 3/5] RUN npm install -g pnpm@10.30.1
#11 CACHED

#12 [verified  5/10] COPY package.json pnpm-lock.yaml pnpm-workspace.yaml ./
#12 CACHED

#13 [verified  7/10] COPY packages/occlude-studio/package.json ./packages/occlude-studio/
#13 CACHED

#14 [verified  1/10] WORKDIR /src
#14 CACHED

#15 [verified  8/10] RUN --mount=type=cache,target=/usr/local/pnpm-store,sharing=locked     pnpm config set store-dir /usr/local/pnpm-store  && pnpm install --frozen-lockfile
#15 CACHED

#16 [toolchain 5/5] RUN curl -sSfL -o /tmp/wasm-pack.tgz       https://github.com/rustwasm/wasm-pack/releases/download/v0.13.1/wasm-pack-v0.13.1-x86_64-unknown-linux-musl.tar.gz  && echo "c539d91ccab2591a7e975bcf82c82e1911b03335c80aa83d67ad25ed2ad06539  /tmp/wasm-pack.tgz" | sha256sum -c -  && tar -xzf /tmp/wasm-pack.tgz -C /tmp  && install -m 755 /tmp/wasm-pack-v0.13.1-x86_64-unknown-linux-musl/wasm-pack /usr/local/bin/wasm-pack  && rm -rf /tmp/wasm-pack* && wasm-pack --version
#16 CACHED

#17 [verified  4/10] RUN --mount=type=cache,target=/usr/local/cargo/registry,sharing=locked     --mount=type=cache,target=/src/target,sharing=locked     cd crates/occlude-core  && wasm-pack build --target web --out-dir pkg --features wasm,contour-sdf --no-default-features --locked
#17 CACHED

#18 [toolchain 2/5] RUN apt-get update  && apt-get install -y --no-install-recommends ca-certificates curl git gcc libc6-dev  && rm -rf /var/lib/apt/lists/*
#18 CACHED

#19 [verified  6/10] COPY packages/occlude/package.json ./packages/occlude/
#19 CACHED

#20 [verified  2/10] COPY rust-toolchain.toml Cargo.toml Cargo.lock ./
#20 CACHED

#21 [verified  3/10] COPY crates ./crates
#21 CACHED

#22 [verified  9/10] COPY . .
#22 DONE 0.5s

#23 [verified 10/10] RUN --mount=type=cache,target=/usr/local/cargo/registry,sharing=locked     --mount=type=cache,target=/src/target,sharing=locked     pnpm check
#23 18.52 
#23 18.52 > occlude-workspace@ check /src
#23 18.52 > node check.mjs
#23 18.52 
#23 29.19 ok   rust   10.6s
#23 56.18 ok   ts     27.0s
#23 64.80 ok   types  8.6s
#23 71.25 ok   studio 6.5s
#23 94.35 ok   docs   23.1s
#23 119.5 ok   ink    25.2s
#23 158.2 ok   build  38.7s
#23 158.2 ok   wasm   8bf0034cb79606aa8d6c7293496a1b7e
#23 160.5 ok   smoke  2.3s
#23 160.5 
#23 160.5 all gates pass
#23 DONE 160.7s

#24 exporting to image
#24 exporting layers
#24 exporting layers 3.8s done
#24 exporting manifest sha256:d97cb32f445f70333942a3bc5b3a9ead7c258a5796915e5cae435ddf31880cb8 0.0s done
#24 exporting config sha256:c783ed5b64260044427d6293f4b0271ac598572a41b4b0add9eee7f483fa02a7 0.0s done
#24 exporting attestation manifest sha256:f8cc64fd07a8b8d397886aad17390b2823df1e3f96f3715d6b8b64b44933c526 0.0s done
#24 exporting manifest list sha256:52f61ac56a667eb6268de89e446c4c124966b77024790f0f633b873d00086290
#24 exporting manifest list sha256:52f61ac56a667eb6268de89e446c4c124966b77024790f0f633b873d00086290 0.0s done
#24 naming to docker.io/library/occlude-3d-dev:latest done
#24 unpacking to docker.io/library/occlude-3d-dev:latest
#24 unpacking to docker.io/library/occlude-3d-dev:latest 0.9s done
#24 DONE 4.9s

#25 resolving provenance for metadata file
#25 DONE 0.0s
 Image occlude-3d-dev:latest Built 
