 Image occlude-3d-dev:latest Building
#1 [internal] load local bake definitions
#1 reading from stdin 626B done
#1 DONE 0.0s

#2 [internal] load build definition from Dockerfile
#2 transferring dockerfile: 5.77kB done
#2 DONE 0.0s

#3 resolve image config for docker-image://docker.io/docker/dockerfile:1.7
#3 DONE 0.4s

#4 docker-image://docker.io/docker/dockerfile:1.7@sha256:a57df69d0ea827fb7266491f2813635de6f17269be881f696fbfdf2d83dda33e
#4 resolve docker.io/docker/dockerfile:1.7@sha256:a57df69d0ea827fb7266491f2813635de6f17269be881f696fbfdf2d83dda33e 0.0s done
#4 CACHED

#5 [internal] load metadata for docker.io/library/node:24.21.0-bookworm-slim@sha256:2fe369e969550cde8e867afc3fe370b260140cab4a23d467074295b42163d553
#5 DONE 0.3s

#6 [internal] load .dockerignore
#6 transferring context: 986B done
#6 DONE 0.0s

#7 [internal] load build context
#7 DONE 0.0s

#8 [toolchain 1/5] FROM docker.io/library/node:24.21.0-bookworm-slim@sha256:2fe369e969550cde8e867afc3fe370b260140cab4a23d467074295b42163d553
#8 resolve docker.io/library/node:24.21.0-bookworm-slim@sha256:2fe369e969550cde8e867afc3fe370b260140cab4a23d467074295b42163d553 0.0s done
#8 DONE 0.0s

#7 [internal] load build context
#7 transferring context: 4.46MB 0.1s done
#7 DONE 0.1s

#9 [verified  6/10] COPY packages/occlude/package.json ./packages/occlude/
#9 CACHED

#10 [toolchain 5/5] RUN curl -sSfL -o /tmp/wasm-pack.tgz       https://github.com/rustwasm/wasm-pack/releases/download/v0.13.1/wasm-pack-v0.13.1-x86_64-unknown-linux-musl.tar.gz  && echo "c539d91ccab2591a7e975bcf82c82e1911b03335c80aa83d67ad25ed2ad06539  /tmp/wasm-pack.tgz" | sha256sum -c -  && tar -xzf /tmp/wasm-pack.tgz -C /tmp  && install -m 755 /tmp/wasm-pack-v0.13.1-x86_64-unknown-linux-musl/wasm-pack /usr/local/bin/wasm-pack  && rm -rf /tmp/wasm-pack* && wasm-pack --version
#10 CACHED

#11 [verified  3/10] COPY crates ./crates
#11 CACHED

#12 [verified  5/10] COPY package.json pnpm-lock.yaml pnpm-workspace.yaml ./
#12 CACHED

#13 [verified  2/10] COPY rust-toolchain.toml Cargo.toml Cargo.lock ./
#13 CACHED

#14 [verified  7/10] COPY packages/occlude-studio/package.json ./packages/occlude-studio/
#14 CACHED

#15 [toolchain 3/5] RUN npm install -g pnpm@10.30.1
#15 CACHED

#16 [verified  4/10] RUN --mount=type=cache,target=/usr/local/cargo/registry,sharing=locked     --mount=type=cache,target=/src/target,sharing=locked     cd crates/occlude-core  && wasm-pack build --target web --out-dir pkg --features wasm,contour-sdf --no-default-features --locked
#16 CACHED

#17 [toolchain 4/5] RUN curl -sSf https://sh.rustup.rs | sh -s -- -y --no-modify-path --profile minimal       --default-toolchain 1.98.0 --target wasm32-unknown-unknown  && rustc --version && cargo --version
#17 CACHED

#18 [verified  1/10] WORKDIR /src
#18 CACHED

#19 [toolchain 2/5] RUN apt-get update  && apt-get install -y --no-install-recommends ca-certificates curl git gcc libc6-dev  && rm -rf /var/lib/apt/lists/*
#19 CACHED

#20 [verified  8/10] RUN --mount=type=cache,target=/usr/local/pnpm-store,sharing=locked     pnpm config set store-dir /usr/local/pnpm-store  && pnpm install --frozen-lockfile
#20 CACHED

#21 [verified  9/10] COPY . .
#21 DONE 0.6s

#22 [verified 10/10] RUN --mount=type=cache,target=/usr/local/cargo/registry,sharing=locked     --mount=type=cache,target=/src/target,sharing=locked     pnpm check
#22 0.551
#22 0.551 > occlude-workspace@ check /src
#22 0.551 > node check.mjs
#22 0.551
#22 11.26 ok   rust   10.7s
#22 42.17 ok   ts     30.9s
#22 51.06 ok   types  8.9s
#22 57.59 ok   studio 6.5s
#22 86.91 ok   docs   29.3s
#22 119.4 ok   ink    32.5s
#22 164.4 ok   build  44.9s
#22 164.4 ok   wasm   8bf0034cb79606aa8d6c7293496a1b7e
#22 166.8 ok   smoke  2.4s
#22 166.8
#22 166.8 all gates pass
#22 DONE 167.0s

#23 exporting to image
#23 exporting layers
#23 exporting layers 4.6s done
#23 exporting manifest sha256:9db1c27fa19c3a9acc502e78563f11e3cb45958e24763e9a4f7f02f3a092b492 0.0s done
#23 exporting config sha256:06d35e6d3bc293bb63d04b84db9b13fb39f002036d619770b6f58660e7633f22 0.0s done
#23 exporting attestation manifest sha256:044c05a055905768c235711e9f6817fbb482e339ea2dbb9e2ae1c3eef8ef178a 0.1s done
#23 exporting manifest list sha256:bce2e269b9320b3ada11f25e32316183a1e941fae8da2d3deb5b1dd7979d0fb6 0.0s done
#23 naming to docker.io/library/occlude-3d-dev:latest done
#23 unpacking to docker.io/library/occlude-3d-dev:latest
#23 unpacking to docker.io/library/occlude-3d-dev:latest 1.0s done
#23 DONE 5.8s

#24 resolving provenance for metadata file
#24 DONE 0.0s
 Image occlude-3d-dev:latest Built
