mapped-plane cold {"pass":"cold","wallMs":3850,"renderMs":5,"modeling":[{"operation":"mapSurface","backend":"cpu","dispatches":0,"transferBytes":0,"wallMs":1371,"mapping":{"outputSegments":6080}}],"scenes":[{"candidates":38991,"dispatches":5,"refinements":31014,"wallMs":1069,"gpuMs":0.050432}]}
mapped-plane warm {"pass":"warm","wallMs":3535,"renderMs":4,"modeling":[{"operation":"mapSurface","backend":"cpu","dispatches":0,"transferBytes":0,"wallMs":1301,"mapping":{"outputSegments":6080}}],"scenes":[{"candidates":38991,"dispatches":5,"refinements":31014,"wallMs":1026,"gpuMs":0.051264}]}
primitive-crosshatch cold {"pass":"cold","wallMs":15385,"renderMs":16,"modeling":[{"operation":"hatch","backend":"cpu","dispatches":0,"transferBytes":0,"wallMs":7956,"hatch":{"traces":564,"segments":36418,"tone":{"locations":51261,"dispatches":0,"transferBytes":0,"refinements":0,"ambiguous":0,"backend":"cpu"}}}],"scenes":[{"candidates":168446,"dispatches":21,"refinements":78533,"wallMs":4503,"gpuMs":0.216352}]}
primitive-crosshatch warm {"pass":"warm","wallMs":14833,"renderMs":13,"modeling":[{"operation":"hatch","backend":"cpu","dispatches":0,"transferBytes":0,"wallMs":7893,"hatch":{"traces":564,"segments":36418,"tone":{"locations":51261,"dispatches":0,"transferBytes":0,"refinements":0,"ambiguous":0,"backend":"cpu"}}}],"scenes":[{"candidates":168446,"dispatches":21,"refinements":78533,"wallMs":4251,"gpuMs":0.20960000000000004}]}
custom-curvature cold {"pass":"cold","wallMs":5552,"renderMs":6,"modeling":[{"operation":"hatch","backend":"gpu","dispatches":2,"transferBytes":1667184,"wallMs":2796,"hatch":{"traces":927,"segments":10850,"tone":{"locations":22977,"dispatches":2,"transferBytes":1667184,"refinements":0,"ambiguous":101,"backend":"gpu"}}}],"scenes":[{"candidates":54215,"dispatches":7,"refinements":30005,"wallMs":1183,"gpuMs":0.07417599999999999}]}
custom-curvature warm {"pass":"warm","wallMs":5127,"renderMs":8,"modeling":[{"operation":"hatch","backend":"gpu","dispatches":2,"transferBytes":1667184,"wallMs":2504,"hatch":{"traces":927,"segments":10850,"tone":{"locations":22977,"dispatches":2,"transferBytes":1667184,"refinements":0,"ambiguous":101,"backend":"gpu"}}}],"scenes":[{"candidates":54215,"dispatches":7,"refinements":30005,"wallMs":1141,"gpuMs":0.071232}]}
intersection-assembly cold {"pass":"cold","wallMs":4289,"renderMs":1,"modeling":[{"operation":"intersections","backend":"cpu","dispatches":0,"transferBytes":0,"wallMs":142,"intersections":{"outputSegments":136}},{"operation":"intersections","backend":"cpu","dispatches":0,"transferBytes":0,"wallMs":172,"intersections":{"outputSegments":87}},{"operation":"intersections","backend":"cpu","dispatches":0,"transferBytes":0,"wallMs":635,"intersections":{"outputSegments":165}},{"operation":"hatch","backend":"gpu","dispatches":1,"transferBytes":285552,"wallMs":666,"hatch":{"traces":67,"segments":3346,"tone":{"locations":4275,"dispatches":1,"transferBytes":285552,"refinements":0,"ambiguous":0,"backend":"gpu"}}}],"scenes":[{"candidates":167271,"dispatches":21,"refinements":38458,"wallMs":1950,"gpuMs":0.21577600000000005}]}
intersection-assembly warm {"pass":"warm","wallMs":4045,"renderMs":1,"modeling":[{"operation":"intersections","backend":"cpu","dispatches":0,"transferBytes":0,"wallMs":153,"intersections":{"outputSegments":136}},{"operation":"intersections","backend":"cpu","dispatches":0,"transferBytes":0,"wallMs":164,"intersections":{"outputSegments":87}},{"operation":"intersections","backend":"cpu","dispatches":0,"transferBytes":0,"wallMs":609,"intersections":{"outputSegments":165}},{"operation":"hatch","backend":"gpu","dispatches":1,"transferBytes":285552,"wallMs":644,"hatch":{"traces":67,"segments":3346,"tone":{"locations":4275,"dispatches":1,"transferBytes":285552,"refinements":0,"ambiguous":0,"backend":"gpu"}}}],"scenes":[{"candidates":167271,"dispatches":21,"refinements":38458,"wallMs":1800,"gpuMs":0.21260800000000002}]}
repeated-prototypes cold {"pass":"cold","wallMs":995,"renderMs":2,"modeling":[{"operation":"mapSurface","backend":"cpu","dispatches":0,"transferBytes":0,"wallMs":3,"mapping":{"outputSegments":23}}],"scenes":[{"candidates":13924,"dispatches":2,"refinements":9387,"wallMs":270,"gpuMs":0.02048}]}
repeated-prototypes warm {"pass":"warm","wallMs":1160,"renderMs":2,"modeling":[{"operation":"mapSurface","backend":"cpu","dispatches":0,"transferBytes":0,"wallMs":17,"mapping":{"outputSegments":23}}],"scenes":[{"candidates":13924,"dispatches":2,"refinements":9387,"wallMs":287,"gpuMs":0.019104000000000003}]}
hatch-density cold {"pass":"cold","wallMs":29936,"renderMs":35,"modeling":[{"operation":"hatch","backend":"cpu","dispatches":0,"transferBytes":0,"wallMs":15909,"hatch":{"traces":144,"segments":80978,"tone":{"locations":92513,"dispatches":0,"transferBytes":0,"refinements":0,"ambiguous":0,"backend":"cpu"}}}],"scenes":[{"candidates":363798,"dispatches":45,"refinements":140608,"wallMs":9029,"gpuMs":0.44889599999999996}]}
hatch-density warm {"pass":"warm","wallMs":30132,"renderMs":25,"modeling":[{"operation":"hatch","backend":"cpu","dispatches":0,"transferBytes":0,"wallMs":16170,"hatch":{"traces":144,"segments":80978,"tone":{"locations":92513,"dispatches":0,"transferBytes":0,"refinements":0,"ambiguous":0,"backend":"cpu"}}}],"scenes":[{"candidates":363798,"dispatches":45,"refinements":140608,"wallMs":8815,"gpuMs":0.44880000000000014}]}
node:internal/modules/run_main:107
    triggerUncaughtException(
    ^

page.waitForFunction: Timeout 120000ms exceeded.
    at /home/kalmarv/containers/occlude-3d/packages/occlude-studio/[eval1]:22:15 {
  name: 'TimeoutError'
}

Node.js v24.21.0
exit 1
