node:internal/modules/run_main:107
    triggerUncaughtException(
    ^

AssertionError [ERR_ASSERTION]: Expected values to be strictly deep-equal:
+ actual - expected

  [
    [
+     9.133536167931288e-15,
-     0,
      1
    ]
  ]

    at file:///home/kalmarv/containers/occlude-3d/packages/occlude-studio/[eval1]:32:10 {
  generatedMessage: true,
  code: 'ERR_ASSERTION',
  actual: [ [ 9.133536167931288e-15, 1 ] ],
  expected: [ [ 0, 1 ] ],
  operator: 'deepStrictEqual',
  diff: 'simple'
}

Node.js v24.21.0
