
> occlude@0.1.0 docs:hashes /home/kalmarv/containers/occlude-3d/packages/occlude
> tsx tools/docs-hashes.ts -- --save /tmp/surface-uv-ink.json

3D phases {
  captureMs: 0.4867080000003625,
  queueMs: 0,
  setupMs: 0,
  packingMs: 0,
  uploadSubmitMs: 0,
  dispatchSubmitMs: 0,
  readbackWaitMs: 0,
  readbackCopyMs: 0,
  refinementMs: 0,
  candidateMs: 0,
  finalizeMs: 0.01870000000053551,
  validationWaitMs: 0,
  cpuMs: 0.7597859999987122,
  wallMs: 1.301264000001538,
  unattributedMs: 0.03607000000192784
} shader ms undefined
249 examples hashed → /tmp/surface-uv-ink.json
  no stable ink (2): workshop-10#0, workshop-10#7
  fail three#26: missing ) after argument list
/home/kalmarv/containers/occlude-3d/packages/occlude:
 ERR_PNPM_RECURSIVE_RUN_FIRST_FAIL  occlude@0.1.0 docs:hashes: `tsx tools/docs-hashes.ts -- --save /tmp/surface-uv-ink.json`
Exit status 1
